Generating the hex for the following set of instructions
	   0 - R-Type instructions
	   0 - I-Type instructions
	 100 - J-Type instructions

PC:00000000	INSTR:0c000222	 JAL 888     
PC Update: PC[0] = 1	instr[0] = c000222
[0] J Type instr generated - 0xc000222	
PC:00000888	INSTR:08000067	 J 19c     
PC Update: PC[888] = 1	instr[888] = 8000067
[1] J Type instr generated - 0x8000067	
PC:0000019c	INSTR:0c000128	 JAL 4a0     
PC Update: PC[19c] = 1	instr[19c] = c000128
[2] J Type instr generated - 0xc000128	
PC:000004a0	INSTR:080002c2	 J b08     
PC Update: PC[4a0] = 1	instr[4a0] = 80002c2
[3] J Type instr generated - 0x80002c2	
PC:00000b08	INSTR:0c00007c	 JAL 1f0     
PC Update: PC[b08] = 1	instr[b08] = c00007c
[4] J Type instr generated - 0xc00007c	
PC:000001f0	INSTR:08000087	 J 21c     
PC Update: PC[1f0] = 1	instr[1f0] = 8000087
[5] J Type instr generated - 0x8000087	
PC:0000021c	INSTR:080002d6	 J b58     
PC Update: PC[21c] = 1	instr[21c] = 80002d6
[6] J Type instr generated - 0x80002d6	
PC:00000b58	INSTR:0c0000f5	 JAL 3d4     
PC Update: PC[b58] = 1	instr[b58] = c0000f5
[7] J Type instr generated - 0xc0000f5	
PC:000003d4	INSTR:0800006f	 J 1bc     
PC Update: PC[3d4] = 1	instr[3d4] = 800006f
[8] J Type instr generated - 0x800006f	
PC:000001bc	INSTR:080002fc	 J bf0     
PC Update: PC[1bc] = 1	instr[1bc] = 80002fc
[9] J Type instr generated - 0x80002fc	
PC:00000bf0	INSTR:080002a7	 J a9c     
PC Update: PC[bf0] = 1	instr[bf0] = 80002a7
[10] J Type instr generated - 0x80002a7	
PC:00000a9c	INSTR:080003b1	 J ec4     
PC Update: PC[a9c] = 1	instr[a9c] = 80003b1
[11] J Type instr generated - 0x80003b1	
PC:00000ec4	INSTR:08000102	 J 408     
PC Update: PC[ec4] = 1	instr[ec4] = 8000102
[12] J Type instr generated - 0x8000102	
PC:00000408	INSTR:08000066	 J 198     
PC Update: PC[408] = 1	instr[408] = 8000066
[13] J Type instr generated - 0x8000066	
PC:00000198	INSTR:08000001	 J 4       
PC Update: PC[198] = 1	instr[198] = 8000001
PC:00000004	INSTR:08000359	 J d64     
PC Update: PC[4] = 1	instr[4] = 8000359
[14] J Type instr generated - 0x8000359	
PC:00000d64	INSTR:0800016d	 J 5b4     
PC Update: PC[d64] = 1	instr[d64] = 800016d
[15] J Type instr generated - 0x800016d	
PC:000005b4	INSTR:08000275	 J 9d4     
PC Update: PC[5b4] = 1	instr[5b4] = 8000275
[16] J Type instr generated - 0x8000275	
PC:000009d4	INSTR:08000072	 J 1c8     
PC Update: PC[9d4] = 1	instr[9d4] = 8000072
[17] J Type instr generated - 0x8000072	
PC:000001c8	INSTR:08000161	 J 584     
PC Update: PC[1c8] = 1	instr[1c8] = 8000161
[18] J Type instr generated - 0x8000161	
PC:00000584	INSTR:080003bf	 J efc     
PC Update: PC[584] = 1	instr[584] = 80003bf
[19] J Type instr generated - 0x80003bf	
PC:00000efc	INSTR:08000137	 J 4dc     
PC Update: PC[efc] = 1	instr[efc] = 8000137
[20] J Type instr generated - 0x8000137	
PC:000004dc	INSTR:0c000367	 JAL d9c     
PC Update: PC[4dc] = 1	instr[4dc] = c000367
[21] J Type instr generated - 0xc000367	
PC:00000d9c	INSTR:0c0000f8	 JAL 3e0     
PC Update: PC[d9c] = 1	instr[d9c] = c0000f8
[22] J Type instr generated - 0xc0000f8	
PC:000003e0	INSTR:0c0000fc	 JAL 3f0     
PC Update: PC[3e0] = 1	instr[3e0] = c0000fc
[23] J Type instr generated - 0xc0000fc	
PC:000003f0	INSTR:08000132	 J 4c8     
PC Update: PC[3f0] = 1	instr[3f0] = 8000132
[24] J Type instr generated - 0x8000132	
PC:000004c8	INSTR:0c000333	 JAL ccc     
PC Update: PC[4c8] = 1	instr[4c8] = c000333
[25] J Type instr generated - 0xc000333	
PC:00000ccc	INSTR:08000003	 J c       
PC Update: PC[ccc] = 1	instr[ccc] = 8000003
[26] J Type instr generated - 0x8000003	
PC:0000000c	INSTR:0800022a	 J 8a8     
PC Update: PC[c] = 1	instr[c] = 800022a
[27] J Type instr generated - 0x800022a	
PC:000008a8	INSTR:0c000013	 JAL 4c      
PC Update: PC[8a8] = 1	instr[8a8] = c000013
[28] J Type instr generated - 0xc000013	
PC:0000004c	INSTR:080001d1	 J 744     
PC Update: PC[4c] = 1	instr[4c] = 80001d1
[29] J Type instr generated - 0x80001d1	
PC:00000744	INSTR:0c0001c4	 JAL 710     
PC Update: PC[744] = 1	instr[744] = c0001c4
[30] J Type instr generated - 0xc0001c4	
PC:00000710	INSTR:08000370	 J dc0     
PC Update: PC[710] = 1	instr[710] = 8000370
[31] J Type instr generated - 0x8000370	
PC:00000dc0	INSTR:08000232	 J 8c8     
PC Update: PC[dc0] = 1	instr[dc0] = 8000232
[32] J Type instr generated - 0x8000232	
PC:000008c8	INSTR:0800006a	 J 1a8     
PC Update: PC[8c8] = 1	instr[8c8] = 800006a
[33] J Type instr generated - 0x800006a	
PC:000001a8	INSTR:0c00028d	 JAL a34     
PC Update: PC[1a8] = 1	instr[1a8] = c00028d
[34] J Type instr generated - 0xc00028d	
PC:00000a34	INSTR:080002ad	 J ab4     
PC Update: PC[a34] = 1	instr[a34] = 80002ad
[35] J Type instr generated - 0x80002ad	
PC:00000ab4	INSTR:0c00011a	 JAL 468     
PC Update: PC[ab4] = 1	instr[ab4] = c00011a
[36] J Type instr generated - 0xc00011a	
PC:00000468	INSTR:0800036d	 J db4     
PC Update: PC[468] = 1	instr[468] = 800036d
[37] J Type instr generated - 0x800036d	
PC:00000db4	INSTR:08000205	 J 814     
PC Update: PC[db4] = 1	instr[db4] = 8000205
[38] J Type instr generated - 0x8000205	
PC:00000814	INSTR:0c00021a	 JAL 868     
PC Update: PC[814] = 1	instr[814] = c00021a
[39] J Type instr generated - 0xc00021a	
PC:00000868	INSTR:0c000319	 JAL c64     
PC Update: PC[868] = 1	instr[868] = c000319
[40] J Type instr generated - 0xc000319	
PC:00000c64	INSTR:08000070	 J 1c0     
PC Update: PC[c64] = 1	instr[c64] = 8000070
[41] J Type instr generated - 0x8000070	
PC:000001c0	INSTR:080003b7	 J edc     
PC Update: PC[1c0] = 1	instr[1c0] = 80003b7
[42] J Type instr generated - 0x80003b7	
PC:00000edc	INSTR:080001bf	 J 6fc     
PC Update: PC[edc] = 1	instr[edc] = 80001bf
[43] J Type instr generated - 0x80001bf	
PC:000006fc	INSTR:08000266	 J 998     
PC Update: PC[6fc] = 1	instr[6fc] = 8000266
[44] J Type instr generated - 0x8000266	
PC:00000998	INSTR:08000247	 J 91c     
PC Update: PC[998] = 1	instr[998] = 8000247
[45] J Type instr generated - 0x8000247	
PC:0000091c	INSTR:08000282	 J a08     
PC Update: PC[91c] = 1	instr[91c] = 8000282
[46] J Type instr generated - 0x8000282	
PC:00000a08	INSTR:08000116	 J 458     
PC Update: PC[a08] = 1	instr[a08] = 8000116
[47] J Type instr generated - 0x8000116	
PC:00000458	INSTR:0c00035a	 JAL d68     
PC Update: PC[458] = 1	instr[458] = c00035a
[48] J Type instr generated - 0xc00035a	
PC:00000d68	INSTR:080002e2	 J b88     
PC Update: PC[d68] = 1	instr[d68] = 80002e2
[49] J Type instr generated - 0x80002e2	
PC:00000b88	INSTR:0c000368	 JAL da0     
PC Update: PC[b88] = 1	instr[b88] = c000368
[50] J Type instr generated - 0xc000368	
PC:00000da0	INSTR:080000c1	 J 304     
PC Update: PC[da0] = 1	instr[da0] = 80000c1
[51] J Type instr generated - 0x80000c1	
PC:00000304	INSTR:0c000185	 JAL 614     
PC Update: PC[304] = 1	instr[304] = c000185
[52] J Type instr generated - 0xc000185	
PC:00000614	INSTR:0c0003aa	 JAL ea8     
PC Update: PC[614] = 1	instr[614] = c0003aa
[53] J Type instr generated - 0xc0003aa	
PC:00000ea8	INSTR:0800023a	 J 8e8     
PC Update: PC[ea8] = 1	instr[ea8] = 800023a
[54] J Type instr generated - 0x800023a	
PC:000008e8	INSTR:0c000110	 JAL 440     
PC Update: PC[8e8] = 1	instr[8e8] = c000110
[55] J Type instr generated - 0xc000110	
PC:00000440	INSTR:080000fd	 J 3f4     
PC Update: PC[440] = 1	instr[440] = 80000fd
[56] J Type instr generated - 0x80000fd	
PC:000003f4	INSTR:0c00034a	 JAL d28     
PC Update: PC[3f4] = 1	instr[3f4] = c00034a
[57] J Type instr generated - 0xc00034a	
PC:00000d28	INSTR:08000124	 J 490     
PC Update: PC[d28] = 1	instr[d28] = 8000124
[58] J Type instr generated - 0x8000124	
PC:00000490	INSTR:0c00034c	 JAL d30     
PC Update: PC[490] = 1	instr[490] = c00034c
[59] J Type instr generated - 0xc00034c	
PC:00000d30	INSTR:0c00037b	 JAL dec     
PC Update: PC[d30] = 1	instr[d30] = c00037b
[60] J Type instr generated - 0xc00037b	
PC:00000dec	INSTR:080001f0	 J 7c0     
PC Update: PC[dec] = 1	instr[dec] = 80001f0
[61] J Type instr generated - 0x80001f0	
PC:000007c0	INSTR:080003a0	 J e80     
PC Update: PC[7c0] = 1	instr[7c0] = 80003a0
[62] J Type instr generated - 0x80003a0	
PC:00000e80	INSTR:0c0003a2	 JAL e88     
PC Update: PC[e80] = 1	instr[e80] = c0003a2
[63] J Type instr generated - 0xc0003a2	
PC:00000e88	INSTR:08000206	 J 818     
PC Update: PC[e88] = 1	instr[e88] = 8000206
[64] J Type instr generated - 0x8000206	
PC:00000818	INSTR:08000180	 J 600     
PC Update: PC[818] = 1	instr[818] = 8000180
[65] J Type instr generated - 0x8000180	
PC:00000600	INSTR:080002cc	 J b30     
PC Update: PC[600] = 1	instr[600] = 80002cc
[66] J Type instr generated - 0x80002cc	
PC:00000b30	INSTR:08000119	 J 464     
PC Update: PC[b30] = 1	instr[b30] = 8000119
[67] J Type instr generated - 0x8000119	
PC:00000464	INSTR:08000004	 J 10      
PC Update: PC[464] = 1	instr[464] = 8000004
PC:00000010	INSTR:0c00018c	 JAL 630     
PC Update: PC[10] = 1	instr[10] = c00018c
[68] J Type instr generated - 0xc00018c	
PC:00000630	INSTR:08000032	 J c8      
PC Update: PC[630] = 1	instr[630] = 8000032
[69] J Type instr generated - 0x8000032	
PC:000000c8	INSTR:0c0000fa	 JAL 3e8     
PC Update: PC[c8] = 1	instr[c8] = c0000fa
[70] J Type instr generated - 0xc0000fa	
PC:000003e8	INSTR:080001a8	 J 6a0     
PC Update: PC[3e8] = 1	instr[3e8] = 80001a8
[71] J Type instr generated - 0x80001a8	
PC:000006a0	INSTR:08000115	 J 454     
PC Update: PC[6a0] = 1	instr[6a0] = 8000115
[72] J Type instr generated - 0x8000115	
PC:00000454	INSTR:08000005	 J 14      
PC Update: PC[454] = 1	instr[454] = 8000005
PC:00000014	INSTR:0c000182	 JAL 608     
PC Update: PC[14] = 1	instr[14] = c000182
[73] J Type instr generated - 0xc000182	
PC:00000608	INSTR:08000136	 J 4d8     
PC Update: PC[608] = 1	instr[608] = 8000136
[74] J Type instr generated - 0x8000136	
PC:000004d8	INSTR:08000006	 J 18      
PC Update: PC[4d8] = 1	instr[4d8] = 8000006
PC:00000018	INSTR:0c00017f	 JAL 5fc     
PC Update: PC[18] = 1	instr[18] = c00017f
[75] J Type instr generated - 0xc00017f	
PC:000005fc	INSTR:08000007	 J 1c      
PC Update: PC[5fc] = 1	instr[5fc] = 8000007
PC:0000001c	INSTR:0c000085	 JAL 214     
PC Update: PC[1c] = 1	instr[1c] = c000085
[76] J Type instr generated - 0xc000085	
PC:00000214	INSTR:0c000025	 JAL 94      
PC Update: PC[214] = 1	instr[214] = c000025
[77] J Type instr generated - 0xc000025	
PC:00000094	INSTR:0c0000d7	 JAL 35c     
PC Update: PC[94] = 1	instr[94] = c0000d7
[78] J Type instr generated - 0xc0000d7	
PC:0000035c	INSTR:0c000100	 JAL 400     
PC Update: PC[35c] = 1	instr[35c] = c000100
[79] J Type instr generated - 0xc000100	
PC:00000400	INSTR:080001cb	 J 72c     
PC Update: PC[400] = 1	instr[400] = 80001cb
[80] J Type instr generated - 0x80001cb	
PC:0000072c	INSTR:0c000130	 JAL 4c0     
PC Update: PC[72c] = 1	instr[72c] = c000130
[81] J Type instr generated - 0xc000130	
PC:000004c0	INSTR:0c000086	 JAL 218     
PC Update: PC[4c0] = 1	instr[4c0] = c000086
[82] J Type instr generated - 0xc000086	
PC:00000218	INSTR:08000008	 J 20      
PC Update: PC[218] = 1	instr[218] = 8000008
PC:00000020	INSTR:08000079	 J 1e4     
PC Update: PC[20] = 1	instr[20] = 8000079
[83] J Type instr generated - 0x8000079	
PC:000001e4	INSTR:0c00023f	 JAL 8fc     
PC Update: PC[1e4] = 1	instr[1e4] = c00023f
[84] J Type instr generated - 0xc00023f	
PC:000008fc	INSTR:08000142	 J 508     
PC Update: PC[8fc] = 1	instr[8fc] = 8000142
[85] J Type instr generated - 0x8000142	
PC:00000508	INSTR:0c00009a	 JAL 268     
PC Update: PC[508] = 1	instr[508] = c00009a
[86] J Type instr generated - 0xc00009a	
PC:00000268	INSTR:0c0000fe	 JAL 3f8     
PC Update: PC[268] = 1	instr[268] = c0000fe
[87] J Type instr generated - 0xc0000fe	
PC:000003f8	INSTR:080000aa	 J 2a8     
PC Update: PC[3f8] = 1	instr[3f8] = 80000aa
[88] J Type instr generated - 0x80000aa	
PC:000002a8	INSTR:0c00013d	 JAL 4f4     
PC Update: PC[2a8] = 1	instr[2a8] = c00013d
[89] J Type instr generated - 0xc00013d	
PC:000004f4	INSTR:08000092	 J 248     
PC Update: PC[4f4] = 1	instr[4f4] = 8000092
[90] J Type instr generated - 0x8000092	
PC:00000248	INSTR:080000bb	 J 2ec     
PC Update: PC[248] = 1	instr[248] = 80000bb
[91] J Type instr generated - 0x80000bb	
PC:000002ec	INSTR:0c000034	 JAL d0      
PC Update: PC[2ec] = 1	instr[2ec] = c000034
[92] J Type instr generated - 0xc000034	
PC:000000d0	INSTR:0c000012	 JAL 48      
PC Update: PC[d0] = 1	instr[d0] = c000012
[93] J Type instr generated - 0xc000012	
PC:00000048	INSTR:08000009	 J 24      
PC Update: PC[48] = 1	instr[48] = 8000009
PC:00000024	INSTR:0800035b	 J d6c     
PC Update: PC[24] = 1	instr[24] = 800035b
[94] J Type instr generated - 0x800035b	
PC:00000d6c	INSTR:0800011f	 J 47c     
PC Update: PC[d6c] = 1	instr[d6c] = 800011f
[95] J Type instr generated - 0x800011f	
PC:0000047c	INSTR:08000211	 J 844     
PC Update: PC[47c] = 1	instr[47c] = 8000211
[96] J Type instr generated - 0x8000211	
PC:00000844	INSTR:080000e9	 J 3a4     
PC Update: PC[844] = 1	instr[844] = 80000e9
[97] J Type instr generated - 0x80000e9	
PC:000003a4	INSTR:080000ec	 J 3b0     
PC Update: PC[3a4] = 1	instr[3a4] = 80000ec
[98] J Type instr generated - 0x80000ec	
PC:000003b0	INSTR:0c00038a	 JAL e28     
PC Update: PC[3b0] = 1	instr[3b0] = c00038a
[99] J Type instr generated - 0xc00038a	
PC Update: PC[e28] = 1	instr[e28] = 2402000a
PC:00000e28	INSTR:2402000a	 SLTU R0 , R2 , 10
PC Update: PC[e2c] = 1	instr[e2c] = c
PC:00000e2c	INSTR:0000000c	 SYSCALL
